
E:\amebad\sdk-amebad_v6.2C-RC\project\realtek_amebaD_va0_example\EWARM-RELEASE>cd /D "E:\amebad\sdk-amebad_v6.2C-RC\project\realtek_amebaD_va0_example\EWARM-RELEASE" 

E:\amebad\sdk-amebad_v6.2C-RC\project\realtek_amebaD_va0_example\EWARM-RELEASE>set tooldir="E:\amebad\sdk-amebad_v6.2C-RC\project\realtek_amebaD_va0_example\EWARM-RELEASE"\..\..\..\component\soc\realtek\amebad\misc\iar_utility\common\tools 

E:\amebad\sdk-amebad_v6.2C-RC\project\realtek_amebaD_va0_example\EWARM-RELEASE>set libdir="E:\amebad\sdk-amebad_v6.2C-RC\project\realtek_amebaD_va0_example\EWARM-RELEASE"\..\..\..\component\soc\realtek\amebad\misc\bsp 

E:\amebad\sdk-amebad_v6.2C-RC\project\realtek_amebaD_va0_example\EWARM-RELEASE>set iartooldir="D:\IAR Systems\arm" 

E:\amebad\sdk-amebad_v6.2C-RC\project\realtek_amebaD_va0_example\EWARM-RELEASE>set build_type="normal" 

E:\amebad\sdk-amebad_v6.2C-RC\project\realtek_amebaD_va0_example\EWARM-RELEASE>set km4_dir=Debug\Exe\km4_image 

E:\amebad\sdk-amebad_v6.2C-RC\project\realtek_amebaD_va0_example\EWARM-RELEASE>set km0_dir=Debug\Exe\km0_image 

E:\amebad\sdk-amebad_v6.2C-RC\project\realtek_amebaD_va0_example\EWARM-RELEASE>del Debug\Exe\km4_image\km4_application.map Debug\Exe\km4_image\km4_application.asm Debug\Exe\km4_image\km4_application.dbg.axf  1>NULL 2>&1 

E:\amebad\sdk-amebad_v6.2C-RC\project\realtek_amebaD_va0_example\EWARM-RELEASE>cmd /c ""E:\amebad\sdk-amebad_v6.2C-RC\project\realtek_amebaD_va0_example\EWARM-RELEASE"\..\..\..\component\soc\realtek\amebad\misc\iar_utility\common\tools\nm Debug/Exe/km4_image/km4_application.axf | "E:\amebad\sdk-amebad_v6.2C-RC\project\realtek_amebaD_va0_example\EWARM-RELEASE"\..\..\..\component\soc\realtek\amebad\misc\iar_utility\common\tools\sort > Debug/Exe/km4_image/km4_application.map" 

E:\amebad\sdk-amebad_v6.2C-RC\project\realtek_amebaD_va0_example\EWARM-RELEASE>cmd /c ""E:\amebad\sdk-amebad_v6.2C-RC\project\realtek_amebaD_va0_example\EWARM-RELEASE"\..\..\..\component\soc\realtek\amebad\misc\iar_utility\common\tools\objdump -d Debug/Exe/km4_image/km4_application.axf > Debug/Exe/km4_image/km4_application.asm" 

E:\amebad\sdk-amebad_v6.2C-RC\project\realtek_amebaD_va0_example\EWARM-RELEASE>for /F "delims=" %i in ('cmd /c ""E:\amebad\sdk-amebad_v6.2C-RC\project\realtek_amebaD_va0_example\EWARM-RELEASE"\..\..\..\component\soc\realtek\amebad\misc\iar_utility\common\tools\grep IMAGE2 Debug/Exe/km4_image/km4_application.map | "E:\amebad\sdk-amebad_v6.2C-RC\project\realtek_amebaD_va0_example\EWARM-RELEASE"\..\..\..\component\soc\realtek\amebad\misc\iar_utility\common\tools\grep Base | "E:\amebad\sdk-amebad_v6.2C-RC\project\realtek_amebaD_va0_example\EWARM-RELEASE"\..\..\..\component\soc\realtek\amebad\misc\iar_utility\common\tools\gawk '{print $1}'"') do set ram2_start=0x%i 

E:\amebad\sdk-amebad_v6.2C-RC\project\realtek_amebaD_va0_example\EWARM-RELEASE>set ram2_start=0x10005000 

E:\amebad\sdk-amebad_v6.2C-RC\project\realtek_amebaD_va0_example\EWARM-RELEASE>for /F "delims=" %i in ('cmd /c ""E:\amebad\sdk-amebad_v6.2C-RC\project\realtek_amebaD_va0_example\EWARM-RELEASE"\..\..\..\component\soc\realtek\amebad\misc\iar_utility\common\tools\grep IMAGE2 Debug/Exe/km4_image/km4_application.map | "E:\amebad\sdk-amebad_v6.2C-RC\project\realtek_amebaD_va0_example\EWARM-RELEASE"\..\..\..\component\soc\realtek\amebad\misc\iar_utility\common\tools\grep Limit | "E:\amebad\sdk-amebad_v6.2C-RC\project\realtek_amebaD_va0_example\EWARM-RELEASE"\..\..\..\component\soc\realtek\amebad\misc\iar_utility\common\tools\gawk '{print $1}'"') do set ram2_end=0x%i 

E:\amebad\sdk-amebad_v6.2C-RC\project\realtek_amebaD_va0_example\EWARM-RELEASE>set ram2_end=0x1001c01d 

E:\amebad\sdk-amebad_v6.2C-RC\project\realtek_amebaD_va0_example\EWARM-RELEASE>for /F "delims=" %i in ('cmd /c ""E:\amebad\sdk-amebad_v6.2C-RC\project\realtek_amebaD_va0_example\EWARM-RELEASE"\..\..\..\component\soc\realtek\amebad\misc\iar_utility\common\tools\grep xip_image2 Debug/Exe/km4_image/km4_application.map | "E:\amebad\sdk-amebad_v6.2C-RC\project\realtek_amebaD_va0_example\EWARM-RELEASE"\..\..\..\component\soc\realtek\amebad\misc\iar_utility\common\tools\grep Base | "E:\amebad\sdk-amebad_v6.2C-RC\project\realtek_amebaD_va0_example\EWARM-RELEASE"\..\..\..\component\soc\realtek\amebad\misc\iar_utility\common\tools\gawk '{print $1}'"') do set xip_image2_start=0x%i 

E:\amebad\sdk-amebad_v6.2C-RC\project\realtek_amebaD_va0_example\EWARM-RELEASE>set xip_image2_start=0x0e000020 

E:\amebad\sdk-amebad_v6.2C-RC\project\realtek_amebaD_va0_example\EWARM-RELEASE>for /F "delims=" %i in ('cmd /c ""E:\amebad\sdk-amebad_v6.2C-RC\project\realtek_amebaD_va0_example\EWARM-RELEASE"\..\..\..\component\soc\realtek\amebad\misc\iar_utility\common\tools\grep xip_image2 Debug/Exe/km4_image/km4_application.map | "E:\amebad\sdk-amebad_v6.2C-RC\project\realtek_amebaD_va0_example\EWARM-RELEASE"\..\..\..\component\soc\realtek\amebad\misc\iar_utility\common\tools\grep Limit | "E:\amebad\sdk-amebad_v6.2C-RC\project\realtek_amebaD_va0_example\EWARM-RELEASE"\..\..\..\component\soc\realtek\amebad\misc\iar_utility\common\tools\gawk '{print $1}'"') do set xip_image2_end=0x%i 

E:\amebad\sdk-amebad_v6.2C-RC\project\realtek_amebaD_va0_example\EWARM-RELEASE>set xip_image2_end=0x0e06cbb0 

E:\amebad\sdk-amebad_v6.2C-RC\project\realtek_amebaD_va0_example\EWARM-RELEASE>for /F "delims=" %i in ('cmd /c ""E:\amebad\sdk-amebad_v6.2C-RC\project\realtek_amebaD_va0_example\EWARM-RELEASE"\..\..\..\component\soc\realtek\amebad\misc\iar_utility\common\tools\grep IMG2_PSRAM Debug/Exe/km4_image/km4_application.map | "E:\amebad\sdk-amebad_v6.2C-RC\project\realtek_amebaD_va0_example\EWARM-RELEASE"\..\..\..\component\soc\realtek\amebad\misc\iar_utility\common\tools\grep Base | "E:\amebad\sdk-amebad_v6.2C-RC\project\realtek_amebaD_va0_example\EWARM-RELEASE"\..\..\..\component\soc\realtek\amebad\misc\iar_utility\common\tools\gawk '{print $1}'"') do set psram2_start=0x%i 

E:\amebad\sdk-amebad_v6.2C-RC\project\realtek_amebaD_va0_example\EWARM-RELEASE>set psram2_start=0x02000020 

E:\amebad\sdk-amebad_v6.2C-RC\project\realtek_amebaD_va0_example\EWARM-RELEASE>for /F "delims=" %i in ('cmd /c ""E:\amebad\sdk-amebad_v6.2C-RC\project\realtek_amebaD_va0_example\EWARM-RELEASE"\..\..\..\component\soc\realtek\amebad\misc\iar_utility\common\tools\grep IMG2_PSRAM Debug/Exe/km4_image/km4_application.map | "E:\amebad\sdk-amebad_v6.2C-RC\project\realtek_amebaD_va0_example\EWARM-RELEASE"\..\..\..\component\soc\realtek\amebad\misc\iar_utility\common\tools\grep Limit | "E:\amebad\sdk-amebad_v6.2C-RC\project\realtek_amebaD_va0_example\EWARM-RELEASE"\..\..\..\component\soc\realtek\amebad\misc\iar_utility\common\tools\gawk '{print $1}'"') do set psram2_end=0x%i 

E:\amebad\sdk-amebad_v6.2C-RC\project\realtek_amebaD_va0_example\EWARM-RELEASE>set psram2_end=0x02000020 
sectname_ram2: A4 sectname_xip: A5 sectname_psram2: A7
is_law = 1
start = 10005000, end = 1001c01d, base = 10000000
Input file size: 94237
copy size 94237
is_law = 1
start = 2000020, end = 2000020, base = 2000000
Input file size: 0
copy size 0
pad.exe, img_len: 1701d, pad_len: 3
pad.exe, img_len: 6cb90, pad_len: 0
pad.exe, img_len: 0, pad_len: 0
start = 10005000, end = 1001c020, base = 10000000
Input file size: 94240
copy size 94240
start = e000020, end = e06cbb0, base = e000000
Input file size: 445328
copy size 445328
start = 2000020, end = 2000020, base = 2000000
Input file size: 0
copy size 0
Debug\Exe\km4_image\xip_image2.p.bin
Debug\Exe\km4_image\ram_2.p.bin
Debug\Exe\km4_image\psram_2.p.bin
已复制         1 个文件。
pad.exe, img_len: 83c10, pad_len: 3f0
Debug\Exe\km0_image\km0_image2_all.bin
Debug\Exe\km4_image\km4_image2_all.bin
已复制         1 个文件。
已复制         1 个文件。
文件无法自身复制。
已复制         0 个文件。

   IAR ELF Linker V8.30.1.114/W32 for ARM
   Copyright 2007-2018 IAR Systems AB.

  622 592 bytes of readonly  data memory

Errors: none
Warnings: none

Link time:   0.09 (CPU)   0.09 (elapsed)
cygwin warning:
  MS-DOS style path detected: Debug\Exe\km4_image\km4_application.dbg.axf
  Preferred POSIX equivalent is: Debug/Exe/km4_image/km4_application.dbg.axf
  CYGWIN environment variable option "nodosfilewarning" turns off this warning.
  Consult the user's guide for more details about POSIX paths:
    http://cygwin.com/cygwin-ug-net/using.html#using-pathnames
